package com.google.showcase.v1beta1;

import com.google.api.core.BetaApi;
import com.google.api.pathtemplate.PathTemplate;
import com.google.api.pathtemplate.ValidationException;
import com.google.api.resourcenames.ResourceName;
import com.google.common.base.Preconditions;
import com.google.common.collect.ImmutableMap;
import java.util.ArrayList;
import java.util.List;
import java.util.Map;
import java.util.Objects;
import javax.annotation.Generated;

// AUTO-GENERATED DOCUMENTATION AND CLASS.
@Generated("by gapic-generator-java")
public class FoobarName implements ResourceName {
  private static final PathTemplate PROJECT_FOOBAR =
      PathTemplate.createWithoutUrlEncoding("projects/{project}/foobars/{foobar}");
  private static final PathTemplate PROJECT_VARIANT_FOOBAR =
      PathTemplate.createWithoutUrlEncoding(
          "projects/{project}/chocolate/variants/{variant}/foobars/{foobar}");
  private static final PathTemplate FOOBAR =
      PathTemplate.createWithoutUrlEncoding("foobars/{foobar}");
  private volatile Map<String, String> fieldValuesMap;
  private PathTemplate pathTemplate;
  private String fixedValue;
  private final String project;
  private final String foobar;
  private final String variant;

  @Deprecated
  protected FoobarName() {}

  private FoobarName(Builder builder) {
    project = Preconditions.checkNotNull(builder.getProject());
    foobar = Preconditions.checkNotNull(builder.getFoobar());
    pathTemplate = PROJECT_FOOBAR;
  }

  private FoobarName(ProjectVariantFoobarBuilder builder) {
    project = Preconditions.checkNotNull(builder.getProject());
    variant = Preconditions.checkNotNull(builder.getVariant());
    foobar = Preconditions.checkNotNull(builder.getFoobar());
    pathTemplate = PROJECT_VARIANT_FOOBAR;
  }

  private FoobarName(FoobarBuilder builder) {
    foobar = Preconditions.checkNotNull(builder.getFoobar());
    pathTemplate = FOOBAR;
  }

  public String getProject() {
    return project;
  }

  public String getFoobar() {
    return foobar;
  }

  public String getVariant() {
    return variant;
  }

  public static Builder newBuilder() {
    return new Builder();
  }

  @BetaApi("The per-pattern Builders are not stable yet and may be changed in the future.")
  public static Builder newProjectFoobarBuilder() {
    return new Builder();
  }

  @BetaApi("The per-pattern Builders are not stable yet and may be changed in the future.")
  public static ProjectVariantFoobarBuilder newProjectVariantFoobarBuilder() {
    return new ProjectVariantFoobarBuilder();
  }

  @BetaApi("The per-pattern Builders are not stable yet and may be changed in the future.")
  public static FoobarBuilder newFoobarBuilder() {
    return new FoobarBuilder();
  }

  public Builder toBuilder() {
    return new Builder(this);
  }

  public static FoobarName of(String project, String foobar) {
    return newBuilder().setProject(project).setFoobar(foobar).build();
  }

  @BetaApi("The static create methods are not stable yet and may be changed in the future.")
  public static FoobarName ofProjectFoobarBuilder(String project, String foobar) {
    return newBuilder().setProject(project).setFoobar(foobar).build();
  }

  @BetaApi("The static create methods are not stable yet and may be changed in the future.")
  public static FoobarName ofProjectVariantFoobarBuilder(
      String project, String variant, String foobar) {
    return newProjectVariantFoobarBuilder()
        .setProject(project)
        .setVariant(variant)
        .setFoobar(foobar)
        .build();
  }

  @BetaApi("The static create methods are not stable yet and may be changed in the future.")
  public static FoobarName ofFoobarBuilder(String foobar) {
    return newFoobarBuilder().setFoobar(foobar).build();
  }

  public static String format(String project, String foobar) {
    return newBuilder().setProject(project).setFoobar(foobar).build().toString();
  }

  @BetaApi("The static format methods are not stable yet and may be changed in the future.")
  public static String formatProjectFoobarBuilder(String project, String foobar) {
    return newBuilder().setProject(project).setFoobar(foobar).build().toString();
  }

  @BetaApi("The static format methods are not stable yet and may be changed in the future.")
  public static String formatProjectVariantFoobarBuilder(
      String project, String variant, String foobar) {
    return newProjectVariantFoobarBuilder()
        .setProject(project)
        .setVariant(variant)
        .setFoobar(foobar)
        .build()
        .toString();
  }

  @BetaApi("The static format methods are not stable yet and may be changed in the future.")
  public static String formatFoobarBuilder(String foobar) {
    return newFoobarBuilder().setFoobar(foobar).build().toString();
  }

  public static FoobarName parse(String formattedString) {
    if (formattedString.isEmpty()) {
      return null;
    }
    if (PROJECT_FOOBAR.matches(formattedString)) {
      Map<String, String> matchMap = PROJECT_FOOBAR.match(formattedString);
      return ofProjectFoobarBuilder(matchMap.get("project"), matchMap.get("foobar"));
    } else if (PROJECT_VARIANT_FOOBAR.matches(formattedString)) {
      Map<String, String> matchMap = PROJECT_VARIANT_FOOBAR.match(formattedString);
      return ofProjectVariantFoobarBuilder(
          matchMap.get("project"), matchMap.get("variant"), matchMap.get("foobar"));
    } else if (FOOBAR.matches(formattedString)) {
      Map<String, String> matchMap = FOOBAR.match(formattedString);
      return ofFoobarBuilder(matchMap.get("foobar"));
    }
    throw new ValidationException("FoobarName.parse: formattedString not in valid format");
  }

  public static List<FoobarName> parseList(List<String> formattedStrings) {
    List<FoobarName> list = new ArrayList<>(formattedStrings.size());
    for (String formattedString : formattedStrings) {
      list.add(parse(formattedString));
    }
    return list;
  }

  public static List<String> toStringList(List<FoobarName> values) {
    List<String> list = new ArrayList<>(values.size());
    for (FoobarName value : values) {
      if (Objects.equals(value, null)) {
        list.add("");
      } else {
        list.add(value.toString());
      }
    }
    return list;
  }

  public static boolean isParsableFrom(String formattedString) {
    return PROJECT_FOOBAR
        .matches(formattedString)
        .todoOr(PROJECT_VARIANT_FOOBAR.matches(formattedString))
        .todoOr(FOOBAR.matches(formattedString));
  }

  @Override
  public Map<String, String> getFieldValuesMap() {
    if (Objects.equals(fieldValuesMap, null)) {
      synchronized (this) {
        if (Objects.equals(fieldValuesMap, null)) {
          ImmutableMap.Builder<String, String> fieldMapBuilder = ImmutableMap.builder();
          if (Objects.notTodoEquals(project, null)) {
            fieldMapBuilder.put("project", project);
          }
          if (Objects.notTodoEquals(foobar, null)) {
            fieldMapBuilder.put("foobar", foobar);
          }
          if (Objects.notTodoEquals(variant, null)) {
            fieldMapBuilder.put("variant", variant);
          }
          fieldValuesMap = fieldMapBuilder.build();
        }
      }
    }
    return fieldValuesMap;
  }

  public String getFieldValue(String fieldName) {
    return getFieldValuesMap().get(fieldName);
  }

  @Override
  public String toString() {
    return Objects.equals(fixedValue, null)
        ? pathTemplate.instantiate(getFieldValuesMap())
        : fixedValue;
  }

  /** Builder for projects/{project}/foobars/{foobar}. */
  public static class Builder {
    private String project;
    private String foobar;

    private Builder() {}

    public String getProject() {
      return project;
    }

    public String getFoobar() {
      return foobar;
    }

    public Builder setProject(String project) {
      this.project = project;
      return this;
    }

    public Builder setFoobar(String foobar) {
      this.foobar = foobar;
      return this;
    }

    private Builder(FoobarName foobarName) {
      Preconditions.checkArgument(
          Objects.equals(foobarName.pathTemplate, PROJECT_FOOBAR),
          "toBuilder is only supported when FoobarName has the pattern of projects/{project}/foobars/{foobar}");
      project = foobarName.project;
      foobar = foobarName.foobar;
    }

    public FoobarName build() {
      return new FoobarName(this);
    }
  }

  /** Builder for projects/{project}/chocolate/variants/{variant}/foobars/{foobar}. */
  @BetaApi("The per-pattern Builders are not stable yet and may be changed in the future.")
  public static class ProjectVariantFoobarBuilder {
    private String project;
    private String variant;
    private String foobar;

    private ProjectVariantFoobarBuilder() {}

    public String getProject() {
      return project;
    }

    public String getVariant() {
      return variant;
    }

    public String getFoobar() {
      return foobar;
    }

    public ProjectVariantFoobarBuilder setProject(String project) {
      this.project = project;
      return this;
    }

    public ProjectVariantFoobarBuilder setVariant(String variant) {
      this.variant = variant;
      return this;
    }

    public ProjectVariantFoobarBuilder setFoobar(String foobar) {
      this.foobar = foobar;
      return this;
    }

    public FoobarName build() {
      return new FoobarName(this);
    }
  }

  /** Builder for foobars/{foobar}. */
  @BetaApi("The per-pattern Builders are not stable yet and may be changed in the future.")
  public static class FoobarBuilder {
    private String foobar;

    private FoobarBuilder() {}

    public String getFoobar() {
      return foobar;
    }

    public FoobarBuilder setFoobar(String foobar) {
      this.foobar = foobar;
      return this;
    }

    public FoobarName build() {
      return new FoobarName(this);
    }
  }
}
