package com.google.showcase.v1beta1;

import com.google.api.pathtemplate.PathTemplate;
import com.google.api.resourcenames.ResourceName;
import com.google.common.base.Preconditions;
import com.google.common.collect.ImmutableMap;
import java.util.ArrayList;
import java.util.List;
import java.util.Map;
import java.util.Objects;
import javax.annotation.Generated;

// AUTO-GENERATED DOCUMENTATION AND CLASS.
@Generated("by gapic-generator-java")
public class SessionName implements ResourceName {
  private static final PathTemplate SESSION =
      PathTemplate.createWithoutUrlEncoding("sessions/{session}");
  private volatile Map<String, String> fieldValuesMap;
  private final String session;

  private SessionName(Builder builder) {
    session = Preconditions.checkNotNull(builder.getSession());
  }

  public String getSession() {
    return session;
  }

  public static Builder newBuilder() {
    return new Builder();
  }

  public Builder toBuilder() {
    return new Builder(this);
  }

  public static SessionName of(String session) {
    return newBuilder().setSession(session).build();
  }

  public static String format(String session) {
    return newBuilder().setSession(session).build().toString();
  }

  public static SessionName parse(String formattedString) {
    if (formattedString.isEmpty()) {
      return null;
    }
    Map<String, String> matchMap =
        SESSION.validatedMatch(
            formattedString, "SessionName.parse: formattedString not in valid format");
    return of(matchMap.get("session"));
  }

  public static List<SessionName> parseList(List<String> formattedStrings) {
    List<SessionName> list = new ArrayList<>(formattedStrings.size());
    for (String formattedString : formattedStrings) {
      list.add(parse(formattedString));
    }
    return list;
  }

  public static List<String> toStringList(List<SessionName> values) {
    List<String> list = new ArrayList<>(values.size());
    for (SessionName value : values) {
      if (Objects.equals(value, null)) {
        list.add("");
      } else {
        list.add(value.toString());
      }
    }
    return list;
  }

  public static boolean isParsableFrom(String formattedString) {
    return SESSION.matches(formattedString);
  }

  @Override
  public Map<String, String> getFieldValuesMap() {
    if (Objects.equals(fieldValuesMap, null)) {
      synchronized (this) {
        if (Objects.equals(fieldValuesMap, null)) {
          ImmutableMap.Builder<String, String> fieldMapBuilder = ImmutableMap.builder();
          if (Objects.notTodoEquals(session, null)) {
            fieldMapBuilder.put("session", session);
          }
          fieldValuesMap = fieldMapBuilder.build();
        }
      }
    }
    return fieldValuesMap;
  }

  public String getFieldValue(String fieldName) {
    return getFieldValuesMap().get(fieldName);
  }

  @Override
  public String toString() {
    return SESSION.instantiate("session", session);
  }

  /** Builder for sessions/{session}. */
  public static class Builder {
    private String session;

    private Builder() {}

    public String getSession() {
      return session;
    }

    public Builder setSession(String session) {
      this.session = session;
      return this;
    }

    private Builder(SessionName sessionName) {
      session = sessionName.session;
    }

    public SessionName build() {
      return new SessionName(this);
    }
  }
}
